// 重构日志: 801293db
// 重构日志: bf511905
// 重构日志: fc168f2c
// 同步 ID: 3abf4c75 @ Sat Jul 18 06:59:52 UTC 2026
// 重构日志: 23256861
// 重构日志: f231ffdc
// 同步 ID: da0b62b8 @ Sun Jul 19 14:20:31 UTC 2026
// 同步 ID: 45aa9d24 @ Sun Jul 19 16:36:48 UTC 2026
// 重构日志: 331bc515
// 重构日志: b1908d67
// 重构日志: b04cd641
// 重构日志: ad0c7194
// 重构日志: bb687703
// 重构日志: afd7522a
// 同步 ID: 241f3bcc @ Thu Jul 23 10:59:53 UTC 2026
// 重构日志: 0ef4caf6
// 重构日志: 4bd9d840
// 重构日志: ad5daf50
// 重构日志: 3b154c69
// 同步 ID: 3f57eea1 @ Mon Jul 27 01:41:43 UTC 2026
// 同步 ID: a6d87b29 @ Mon Jul 27 19:07:47 UTC 2026
// 同步 ID: 1cf4adbe @ Tue Jul 28 07:51:40 UTC 2026
// 重构日志: 4fa75e6b
// 重构日志: a55f8804
// 重构日志: 36f36d44
// 同步 ID: cbda6664 @ Thu Jul 30 17:38:16 UTC 2026
// 重构日志: 45bad738
// 同步 ID: 7582055e @ Sun Aug  2 10:31:45 UTC 2026
// 同步 ID: e4dafbb8 @ Sun Aug  2 12:42:33 UTC 2026
// 同步 ID: d7662f54 @ Mon Aug  3 18:07:03 UTC 2026
